// Jest Snapshot v1, https://goo.gl/fbAQLP

exports[`HomepageWrapper Component Snapshot should match existing snapshot 1`] = `
<div
  className="background home-page "
  style={
    Object {
      "backgroundColor": "",
      "backgroundImage": "url(backgroundUrl)",
    }
  }
>
  <div
    className="background-content"
  >
    children
  </div>
</div>
`;
