// Jest Snapshot v1, https://goo.gl/fbAQLP

exports[`View Agreement Container Snapshot should match stored snapshot 1`] = `
<div>
  <div
    className="ant-layout"
  >
    <h2>
      buy
       agreement
    </h2>
    <div>
      <span>
        Client Name
      </span>
       -
      <span>
        ...
      </span>
    </div>
    <div>
      <span>
        Brokerage Name
      </span>
       -
      <span>
        ...
      </span>
    </div>
    <div>
      <span>
        Brokerage Address
      </span>
       -
      <span>
        ...
      </span>
    </div>
    <div>
      <span>
        Agent Name
      </span>
       -
      <span>
        ...
      </span>
    </div>
    <div>
      <span>
        Agent phone number
      </span>
       -
      <span>
        ...
      </span>
    </div>
    <div>
      <span>
        Agent email address
      </span>
       -
      <span>
        ...
      </span>
    </div>
    <div>
      <span>
        Start date
      </span>
       -
      <span>
        ...
      </span>
    </div>
    <div>
      <span>
        Expiry Date
      </span>
       -
      <span>
        ...
      </span>
    </div>
    <div>
      <span>
        Holdover period (days)
      </span>
       -
      <span>
        ...
      </span>
    </div>
    <div>
      <span>
        MLSÂ®#
      </span>
       -
      <span>
        ...
      </span>
    </div>
    <div>
      <span>
        Property area
      </span>
       -
      <span>
        ...
      </span>
    </div>
    <div>
      <span>
        Commission
      </span>
       -
      <span>
        ...
      </span>
    </div>
    <div>
      <span>
        Property Type
      </span>
       -
      <span>
        ...
      </span>
    </div>
  </div>
</div>
`;
