// Jest Snapshot v1, https://goo.gl/fbAQLP

exports[`ActivityIndicator component Snapshot should match existing snapshot 1`] = `
<div
  className="ant-spin-nested-loading spinner-wrapper"
  style={null}
>
  <div
    className="ant-spin-container"
  >
    activity-indicator
  </div>
</div>
`;
