// Jest Snapshot v1, https://goo.gl/fbAQLP

exports[`MessageFromAgentCard Component Snapshot should matched stored snapshot 1`] = `
<div>
  I AM AGENT CARD
</div>
`;
