// Jest Snapshot v1, https://goo.gl/fbAQLP

exports[`TimelineFormItem Component Snapshot should match stored snapshot 1`] = `
<div
  className="consumer-registration-form-item"
>
  <div
    className="ant-row ant-form-item"
  >
    <div
      className="ant-form-item-control-wrapper"
    >
      <div
        className="ant-form-item-control"
      >
        <span
          className="ant-form-item-children"
        >
          <p
            className="consumer-registration-paragraph"
          >
            When in the near future are you looking buy or sell?
          </p>
          timeline
          <div
            className="consumer-registration-select ant-select ant-select-enabled"
            onBlur={[Function]}
            onClick={[Function]}
            onFocus={[Function]}
            onMouseDown={[Function]}
            onTouchStart={[Function]}
          >
            <div
              aria-autocomplete="list"
              aria-expanded={false}
              aria-haspopup="true"
              className="ant-select-selection
            ant-select-selection--single"
              onKeyDown={[Function]}
              role="combobox"
              tabIndex={0}
            >
              <div
                className="ant-select-selection__rendered"
              />
              <span
                className="ant-select-arrow"
                onClick={[Function]}
                style={
                  Object {
                    "WebkitUserSelect": "none",
                    "userSelect": "none",
                  }
                }
                unselectable="on"
              >
                <b />
              </span>
            </div>
          </div>
        </span>
      </div>
    </div>
  </div>
</div>
`;
