// Jest Snapshot v1, https://goo.gl/fbAQLP

exports[`HomepageTitle Component Snapshot should match existing snapshot 1`] = `
<h1
  className="homepage-title"
>
  homepage
</h1>
`;
